../Drivers/CMSIS/Include/core_cm7.h:2229:22:SCB_EnableICache	4	static,ignoring_inline_asm
../Drivers/CMSIS/Include/core_cm7.h:2281:22:SCB_EnableDCache	24	static,ignoring_inline_asm
../Core/Src/main.c:70:6:HAL_TIM_PeriodElapsedCallback	16	static
../Core/Src/main.c:84:5:main	88	static
../Core/Src/main.c:285:6:SystemClock_Config	88	static
../Core/Src/main.c:337:6:PeriphCommonClock_Config	144	static
../Core/Src/main.c:362:13:MX_LTDC_Init	64	static
../Core/Src/main.c:424:13:MX_RNG_Init	8	static
../Core/Src/main.c:450:13:MX_TIM3_Init	40	static
../Core/Src/main.c:495:13:MX_GPIO_Init	56	static
../Core/Src/main.c:562:6:Error_Handler	4	static,ignoring_inline_asm
